I'm sorry, but errors were detected in your script. Please correct the
errors listed below, and try again.


File "game/rpy/plot/episode_01/chapter_02/01_02_01.rpy", line 59: end of line expected.
    jump label plot_01_02_02
               ^

Ren'Py Version: Ren'Py 8.1.1.23060707
Mon Jun 26 11:55:08 2023
